
> employee-management-backend@1.0.0 start
> node server.js

📧 Announcement emails: SMTP configured
🚀 Server running on port 5000
✅ MongoDB connected: localhost
--- Dashboard Stats Calculated ---
Today: 2026-06-02
Stats: {
  totalEmployees: 3,
  totalManagers: 1,
  presentToday: 0,
  pendingLeaves: 0
}
--- Dashboard Stats Calculated ---
Today: 2026-06-02
Stats: {
  totalEmployees: 3,
  totalManagers: 1,
  presentToday: 0,
  pendingLeaves: 0
}
--- Dashboard Stats Calculated ---
Today: 2026-06-02
Stats: {
  totalEmployees: 3,
  totalManagers: 1,
  presentToday: 0,
  pendingLeaves: 0
}
--- Dashboard Stats Calculated ---
Today: 2026-06-02
Stats: {
  totalEmployees: 3,
  totalManagers: 1,
  presentToday: 0,
  pendingLeaves: 0
}
--- Dashboard Stats Calculated ---
Today: 2026-06-02
Stats: {
  totalEmployees: 3,
  totalManagers: 1,
  presentToday: 0,
  pendingLeaves: 0
}
--- Dashboard Stats Calculated ---
Today: 2026-06-02
Stats: {
  totalEmployees: 3,
  totalManagers: 1,
  presentToday: 0,
  pendingLeaves: 0
}
--- Dashboard Stats Calculated ---
Today: 2026-06-02
Stats: {
  totalEmployees: 3,
  totalManagers: 1,
  presentToday: 0,
  pendingLeaves: 0
}
--- Dashboard Stats Calculated ---
Today: 2026-06-02
Stats: {
  totalEmployees: 3,
  totalManagers: 1,
  presentToday: 0,
  pendingLeaves: 0
}
--- Dashboard Stats Calculated ---
Today: 2026-06-02
Stats: {
  totalEmployees: 3,
  totalManagers: 1,
  presentToday: 0,
  pendingLeaves: 0
}
--- Dashboard Stats Calculated ---
Today: 2026-06-02
Stats: {
  totalEmployees: 3,
  totalManagers: 1,
  presentToday: 0,
  pendingLeaves: 0
}
--- Dashboard Stats Calculated ---
Today: 2026-06-02
Stats: {
  totalEmployees: 3,
  totalManagers: 1,
  presentToday: 0,
  pendingLeaves: 0
}
--- Dashboard Stats Calculated ---
Today: 2026-06-02
Stats: {
  totalEmployees: 3,
  totalManagers: 1,
  presentToday: 0,
  pendingLeaves: 0
}
--- Dashboard Stats Calculated ---
Today: 2026-06-02
Stats: {
  totalEmployees: 3,
  totalManagers: 1,
  presentToday: 0,
  pendingLeaves: 0
}
--- Dashboard Stats Calculated ---
Today: 2026-06-02
Stats: {
  totalEmployees: 3,
  totalManagers: 1,
  presentToday: 0,
  pendingLeaves: 0
}
--- Dashboard Stats Calculated ---
Today: 2026-06-02
Stats: {
  totalEmployees: 3,
  totalManagers: 1,
  presentToday: 0,
  pendingLeaves: 0
}
